  ComboManager.cpp
  NormalBulletAfterCollision.cpp
  NormalBulletLiner.cpp
  PlayerBarrelRoll.cpp
  PlayerBoost.cpp
  PlayerDead.cpp
  PlayerIdle.cpp
  PlayerRoot.cpp
  PlayerTakeDamage.cpp
  emitterInit.cpp
  GameScene.cpp
  Rail.cpp
  GameSceneCollision.cpp
  GameSceneDead.cpp
  GameSceneDebugEdit.cpp
  GameSceneFadeIn.cpp
  GameSceneFadeOut.cpp
  GameSceneLoad.cpp
  GameScenePause.cpp
  GameScenePlay.cpp
  GameSceneReady.cpp
  GameSceneResult.cpp
  GameSceneRetry.cpp
  GameSceneUI.cpp
  ScoreUI.cpp
  Skydome.cpp
  Enemy.cpp
  EnemyEditor.cpp
  EnemyManager.cpp
  EnemyCollider.cpp
  CopyImage.cpp
  DissolveEffect.cpp
  BoxFilterEffect.cpp
  Ease.cpp
  BulletTimeController.cpp
  ColliderManager.cpp
  CubemapBasis.cpp
  CollisionFunc.cpp
  BlenderLevelLoader.cpp
  CylinderParticle.cpp
  CopyPass.cpp
  Audio.cpp
  Camera.cpp
  ImGuiManager.cpp
  IParticleRenderer.cpp
  D3DResourceLeakChecker.cpp
  DirectXBasis.cpp
  Logger.cpp
  WindowsApp.cpp
  GameCore.cpp
  SceneManager.cpp
C:\Users\k023g\source\repos\TYengine\project\engine\EngineCore\WindowsApp.cpp(30,10): warning C4189: 'hr': ローカル変数が初期化されましたが、参照されていません
  TYFrameWork.cpp
  Model.cpp
  ModelLoader.cpp
  ModelManager.cpp
  Object3d.cpp
  Object3dBasis.cpp
  Sprite.cpp
  SpriteBasis.cpp
  TextureManager.cpp
  SrvManager.cpp
  Input.cpp
  mathFunc.cpp
  Matrix4x4Func.cpp
  StringUtility.cpp
  WorldTransform.cpp
  imgui.cpp
  imgui_demo.cpp
  imgui_draw.cpp
  imgui_impl_dx12.cpp
  imgui_impl_win32.cpp
  imgui_tables.cpp
  imgui_widgets.cpp
  main.cpp
  TitleScene.cpp
C:\Users\k023g\source\repos\TYengine\project\engine\Framework\Input\Input.cpp(121,1): warning C4172: ローカル変数またはテンポラリ : result のアドレスを返します
  StreamingAudio.cpp
  SceneFactory.cpp
  ParticleManager.cpp
  PlaneParticle.cpp
  RingParticle.cpp
  RailEditor.cpp
  RenderTexture.cpp
  LevelObject.cpp
  Stage.cpp
  FadeTransition.cpp
  TransitionManager.cpp
  Pause.cpp
  Result.cpp
  RailManager.cpp
  PlayUI.cpp
  SphereCollider.cpp
  Player.cpp
  PlayerCollider.cpp
  StageManager.cpp
  ObjectCubemap.cpp
  PlayerBulletNormal.cpp
  PlayerBulletManager.cpp
  RayCollider.cpp
  Reticle.cpp
  ReticleCollider.cpp
  ScoreManager.cpp
  Timer.cpp
  Quaternion.cpp
  GrayscaleEffect.cpp
  PostEffectManager.cpp
  VignetteEffect.cpp
  GaussianEffect.cpp
  RadialBlurEffect.cpp
  LuminanceBasedOutlineEffect.cpp
  OutlinePass.cpp
  RandomEffect.cpp
  TYengine.vcxproj -> C:\Users\k023g\source\repos\TYengine\generated\outputs\Debug\TYengine.exe
